2023-03-10T07:13:21.556Z	INFO	Hello
2023-03-10T07:13:21.556Z	INFO	Bye
---------
2023-03-10T08:20:03.678Z	INFO	Hello
2023-03-10T08:20:03.678Z	INFO	Bye
